-----------------------------------------
Gnu C Version: 4.9.4
Operating System: Standalone on target 6300
Build location:   on LAPTOP-2SR1IP4M running x86_64 in dir /home/shengyi/work/local/pitaya/work/devtreelinux/63XXB0EVM
Build date:       Nov 16 2020 at 14:33:06
CPU Clock:        666 MHz
CCI Clock:        400 MHz
DSP Clock:        333 MHz
IPM1 Clock:       285 MHz
IPM2 Clock:       285 MHz
PRT Clock:        333 MHz
SCA Clock:        333 MHz
SYS Clock:        250 MHz
PCI Clock:          0 MHz
SYS PLL:          2000 MHz
DDR PLL:          1860 MHz
VIDPLL1:            0 MHz
DRAM:             512 MB
-----------------------------------------
cached heap =0x0 (0)  uncached =0x804b0000 (531955712)
       uc1Start=0x804b0000, uc1Size=129302528
       uc2Start=0x88a00000, uc2Size=392167424
       M3Start=0x88000000,  M3End=0x889fffff
About to start the kernel at 0x80008000
Uncompressing Linux... done, booting the kernel.
Booting Linux on physical CPU 0x0
Initializing cgroup subsys cpuset
Initializing cgroup subsys cpu
Initializing cgroup subsys cpuacct
Linux version 4.4.0 (shengyi@LAPTOP-2SR1IP4M) (gcc version 4.9.4 (Linaro GCC 4.9-2017.01) ) #1 Mon Nov 16 14:31:44 CST 2020
CPU: ARMv7 Processor [410fc075] revision 5 (ARMv7), cr=30c53c7d
CPU: PIPT / VIPT nonaliasing data cache, VIPT aliasing instruction cache
Machine model: QBit 6300 Evaluation Board
bootconsole [earlycon0] enabled
Memory policy: Data cache writeback
------------[ cut here ]------------
WARNING: CPU: 0 PID: 0 at /home/shengyi/work/local/pitaya/kernel/linux-4.4-quasar/arch/arm/kernel/devtree.c:149 arm_dt_init_cpu_maps+0xd4/0x12c()
DT /cpu 2 nodes greater than max cores 1, capping them
Modules linked in:
CPU: 0 PID: 0 Comm: swapper Not tainted 4.4.0 #1
Hardware name: QBit 6300 (Flattened Device Tree)
[<8002a2e0>] (unwind_backtrace) from [<800289a4>] (show_stack+0x10/0x14)
[<800289a4>] (show_stack) from [<80035790>] (warn_slowpath_common+0x84/0xb0)
[<80035790>] (warn_slowpath_common) from [<800357ec>] (warn_slowpath_fmt+0x30/0x40)
[<800357ec>] (warn_slowpath_fmt) from [<807a77ac>] (arm_dt_init_cpu_maps+0xd4/0x12c)
[<807a77ac>] (arm_dt_init_cpu_maps) from [<807a70d0>] (setup_arch+0x7d4/0x83c)
[<807a70d0>] (setup_arch) from [<807a2960>] (start_kernel+0x94/0x3dc)
[<807a2960>] (start_kernel) from [<8000808c>] (0x8000808c)
---[ end trace cb88537fdc8fa200 ]---
CPU: All CPU(s) started in SVC mode.
Built 1 zonelists in Zone order, mobility grouping on.  Total pages: 127360
Kernel command line: root=/dev/mtdblock4             console=ttyS0,115200n8 earlyprintk=serial,uart2,115200
PID hash table entries: 2048 (order: 1, 8192 bytes)
Dentry cache hash table entries: 65536 (order: 6, 262144 bytes)
Inode-cache hash table entries: 32768 (order: 5, 131072 bytes)
Memory: 499992K/514048K available (5777K kernel code, 451K rwdata, 2004K rodata, 304K init, 445K bss, 14056K reserved, 0K cma-reserved, 0K highmem)
Virtual kernel memory layout:
    vector  : 0xffff0000 - 0xffff1000   (   4 kB)
    fixmap  : 0xffc00000 - 0xfff00000   (3072 kB)
    vmalloc : 0xa0800000 - 0xff800000   (1520 MB)
    lowmem  : 0x80000000 - 0xa0000000   ( 512 MB)
    pkmap   : 0x7fe00000 - 0x80000000   (   2 MB)
    modules : 0x7f000000 - 0x7fe00000   (  14 MB)
      .text : 0x80008000 - 0x807a17bc   (7782 kB)
      .init : 0x807a2000 - 0x807ee000   ( 304 kB)
      .data : 0x807ee000 - 0x8085ef58   ( 452 kB)
       .bss : 0x80861000 - 0x808d0718   ( 446 kB)
SLUB: HWalign=64, Order=0-3, MinObjects=0, CPUs=1, Nodes=1
NR_IRQS:16 nr_irqs:16 16
cci clock is 400 MHz
clocksource: hrt0: mask: 0xffffffffffffffff max_cycles: 0x2e2049d3e8, max_idle_ns: 440795210634 ns
sched_clock: 64 bits at 200MHz, resolution 5ns, wraps every 4398046511102ns
quasar: hrt at 200000000 Hz
cci clock is 400 MHz
clocksource: timer: mask: 0xffffffff max_cycles: 0xffffffff, max_idle_ns: 9556302233 ns
quasar: system timer cpj=2000000 (irq = 16) freq=200000000
quasar: local timer registered at 200000000 Hz
Console: colour dummy device 80x30
Calibrating delay loop... 1325.46 BogoMIPS (lpj=6627328)
pid_max: default: 32768 minimum: 301
Mount-cache hash table entries: 1024 (order: 0, 4096 bytes)
Mountpoint-cache hash table entries: 1024 (order: 0, 4096 bytes)
Initializing cgroup subsys io
Initializing cgroup subsys memory
Initializing cgroup subsys devices
Initializing cgroup subsys freezer
CPU: Testing write buffer coherency: ok
Setting up static identity map for 0x80008280 - 0x80008ca4
ARM CCI driver probed
devtmpfs: initialized
VFP support v0.3: implementor 41 architecture 2 part 30 variant 7 rev 5
clocksource: jiffies: mask: 0xffffffff max_cycles: 0xffffffff, max_idle_ns: 19112604462750000 ns
NET: Registered protocol family 16
DMA: preallocated 256 KiB pool for atomic coherent allocations
hw-breakpoint: found 5 (+1 reserved) breakpoint and 4 watchpoint registers.
hw-breakpoint: maximum watchpoint size is 8 bytes.
SCSI subsystem initialized
usbcore: registered new interface driver usbfs
usbcore: registered new interface driver hub
usbcore: registered new device driver usb
pps_core: LinuxPPS API ver. 1 registered
pps_core: Software ver. 5.3.6 - Copyright 2005-2007 Rodolfo Giometti <giometti@linux.it>
PTP clock support registered
Advanced Linux Sound Architecture Driver Initialized.
clocksource: Switched to clocksource hrt0
NET: Registered protocol family 2
TCP established hash table entries: 4096 (order: 2, 16384 bytes)
TCP bind hash table entries: 4096 (order: 2, 16384 bytes)
TCP: Hash tables configured (established 4096 bind 4096)
UDP hash table entries: 256 (order: 0, 4096 bytes)
UDP-Lite hash table entries: 256 (order: 0, 4096 bytes)
NET: Registered protocol family 1
RPC: Registered named UNIX socket transport module.
RPC: Registered udp transport module.
RPC: Registered tcp transport module.
RPC: Registered tcp NFSv4.1 backchannel transport module.
kvm [1]: HYP mode not available
futex hash table entries: 256 (order: -1, 3072 bytes)
audit: initializing netlink subsys (disabled)
audit: type=2000 audit(0.290:1): initialized
Initialise system trusted keyring
VFS: Disk quotas dquot_6.6.0
VFS: Dquot-cache hash table entries: 1024 (order 0, 4096 bytes)
squashfs: version 4.0 (2009/01/31) Phillip Lougher
Installing knfsd (copyright (C) 1996 okir@monad.swb.de).
ntfs: driver 2.1.32 [Flags: R/O].
jffs2: version 2.2. (NAND) �© 2001-2006 Red Hat, Inc.
Key type asymmetric registered
Asymmetric key parser 'x509' registered
Block layer SCSI generic (bsg) driver version 0.4 loaded (major 250)
io scheduler noop registered
io scheduler deadline registered (default)
io scheduler cfq registered
Serial: 8250/16550 driver, 8 ports, IRQ sharing disabled
console [ttyS0] disabled
4140000.serial: ttyS0 at MMIO 0x4140000 (irq = 20, base_baud = 1562500) is a 16550A
console [ttyS0] enabled
console [ttyS0] enabled
bootconsole [earlycon0] disabled
bootconsole [earlycon0] disabled
400e000.serial: ttyS1 at MMIO 0x400e000 (irq = 21, base_baud = 1562500) is a 16550A
400d000.serial: ttyS2 at MMIO 0x400d000 (irq = 22, base_baud = 1562500) is a 16550A
[drm] Initialized drm 1.1.0 20060810
brd: module loaded
loop: module loaded
null: module loaded
Quasar in 32-bit addressing mode.
8 ofpart partitions found on MTD device w25m512jv
Creating 8 MTD partitions on "w25m512jv":
0x000000000000-0x000000040000 : "boot"
0x000000040000-0x000000600000 : "bootloader"
0x000000080000-0x0000000a0000 : "bootenv"
0x0000000a0000-0x000000600000 : "kernel"
0x000000600000-0x000003b00000 : "rootfs"
0x000003b00000-0x000003c00000 : "settings"
0x000003c00000-0x000003fc0000 : "defaults"
0x000003fc0000-0x000004000000 : "NVRAM"
stmmaceth 4020000.ethernet: no reset control found
stmmac - user ID: 0x10, Synopsys ID: 0x37
 Ring mode enabled
 DMA HW capability register supported
 Enhanced/Alternate descriptors
        Enabled extended descriptors
 RX Checksum Offload Engine supported (type 2)
 TX Checksum insertion supported
 Wake-Up On Lan supported
 Enable RX Mitigation via HW Watchdog Timer
libphy: stmmac: probed
eth0: No PHY found
xhci-hcd 4500000.usbh: xHCI Host Controller
xhci-hcd 4500000.usbh: new USB bus registered, assigned bus number 1
xhci-hcd 4500000.usbh: hcc params 0x0228fe65 hci version 0x110 quirks 0x00010010
xhci-hcd 4500000.usbh: irq 48, io mem 0x04500000
usb usb1: New USB device found, idVendor=1d6b, idProduct=0002
usb usb1: New USB device strings: Mfr=3, Product=2, SerialNumber=1
usb usb1: Product: xHCI Host Controller
usb usb1: Manufacturer: Linux 4.4.0 xhci-hcd
usb usb1: SerialNumber: 4500000.usbh
hub 1-0:1.0: USB hub found
hub 1-0:1.0: 2 ports detected
xhci-hcd 4500000.usbh: xHCI Host Controller
xhci-hcd 4500000.usbh: new USB bus registered, assigned bus number 2
usb usb2: We don't know the algorithms for LPM for this host, disabling LPM.
usb usb2: New USB device found, idVendor=1d6b, idProduct=0003
usb usb2: New USB device strings: Mfr=3, Product=2, SerialNumber=1
usb usb2: Product: xHCI Host Controller
usb usb2: Manufacturer: Linux 4.4.0 xhci-hcd
usb usb2: SerialNumber: 4500000.usbh
hub 2-0:1.0: USB hub found
hub 2-0:1.0: config failed, hub doesn't have any ports! (err -19)
usbcore: registered new interface driver usb-storage
mousedev: PS/2 mouse device common for all mice
quasar-rtc 4170000.rtc: rtc core: registered 4170000.rtc as rtc0
quasar-rtc 4170000.rtc: Quasar RTC at MMIO a0a18000 irq 24
quasar-wdt 410b080.watchdog: initialized (heartbeat = 4294967295 cycles)
sdhci: Secure Digital Host Controller Interface driver
sdhci: Copyright(c) Pierre Ossman
platform regbus: No vmmc regulator found
platform regbus: No vqmmc regulator found
mmc0: SDHCI controller on 40c0000.sdhci [regbus] using ADMA
platform regbus: No vmmc regulator found
platform regbus: No vqmmc regulator found
platform regbus: card claims to support voltages below defined range
mmc0: new high speed SDIO card at address 0001
mmc1: SDHCI controller on 4150000.sdhci [regbus] using ADMA
hidraw: raw HID events driver (C) Jiri Kosina
usbcore: registered new interface driver usbhid
usbhid: USB HID core driver
usbcore: registered new interface driver snd-usb-audio
nf_conntrack version 0.5.0 (7812 buckets, 31248 max)
ip_tables: (C) 2000-2006 Netfilter Core Team
NET: Registered protocol family 10
NET: Registered protocol family 17
Loading compiled-in X.509 certificates
quasar-rtc 4170000.rtc: hctosys: unable to read the hardware clock
ALSA device list:
  No soundcards found.
VFS: Mounted root (squashfs filesystem) readonly on device 31:4.
devtmpfs: mounted
Freeing unused kernel memory: 304K (807a2000 - 807ee000)
mmc1: Got command interrupt 0x00080000 even though no command operation was in progress.
mmc1: Got command interrupt 0x00080000 even though no command operation was in progress.
mmc1: Got command interrupt 0x00080000 even though no command operation was in progress.
mmc1: Got command interrupt 0x00080000 even though no command operation was in progress.
mmc1: Got command interrupt 0x00080000 even though no command operation was in progress.
mmc1: Got command interrupt 0x00080000 even though no command operation was in progress.
mmc1: Got command interrupt 0x00080000 even though no command operation was in progress.
ifconfig: SIOCGIFFLAGS: No such device
cp: can't stat '/etc/etc2/resolv.conf': No such file or directory
cp: can't stat '/usr/sbin/udhcpd.leases': No such file or directory
random: nonblocking pool is initialized
ifconfig: eth0: error fetching interface information: Device not found
--- Enabling ethernet network interface ---
udhcpc: SIOCGIFINDEX: No such device
--- Welcome to Quasar 63XX Linux ---

login[155]: root login on 'ttyS0'


-----------------------------------------
Gnu C Version: 4.9.4
Operating System: Linux on target 6300
Build location:   on edward-Latitude-7400 running x86_64 in dir /home/edward/mi/20201118/work/QSP/Linux/63XXB0EVM
Build date:       Nov 24 2020 at 01:10:16
-----------------------------------------
QuasarMain           - ---- Quasar MAIN ----
IImemReclaimSystemMemory - Dropping 20228 kbytes system caches to get memory
mfp.axf (163): drop_caches: 3
qmem - 499191808 tot, 0 high, reserve 224246320 of 499191808 low leaving 274945488, max block is 4194304 (00400000) bytes
IMGMEMprolog         - Preallocated 65 blocks of 4194304 for 272629760 bytes
QGPDMA 0 - mapped at a0a76000, irq 26
QGPDMA 1 - mapped at a0a7a000, irq 27
QJBIG 0 - mapped at a0bd0000, irq 28
QJBIG 1 - mapped at a0bd4000, irq 29
QJBIG 0 Reset
IImemAllQJBIG 1 Reset
ocPixelPoolDbg - Need 4194304 have 272629760 on line 669, ../../../../appsrc/ipm/jbig/jbig.c
IImemAllocPixelPoolDbg - Requested 88576, got 4194304, (4194304 x 1) q=512
IImemAllocPixelPoolDbg - Need 4194304 have 268435456 on line 669, ../../../../appsrc/ipm/jbig/jbig.c
IImemAllocPixelPoolDbg - Requested 88576, got 4194304, (4194304 x 1) q=512
QJPEG - mapped at a0be0000, irq 54
quasar-jpeg 4860000.jpeg: Quasar JPEG
QJPEG - mapped at a0d40000, irq 55
quasar-jpeg 4870000.jpeg: Quasar JPEG
QJPEG 0 Reset
QJPEG 1 Reset
JPEG VMA length truncated to io region
JPEG VMA length truncated to io region
InitStep_JPEGHWdecode - Init JPEG Decode Step
InitStep_SBE_RGBl_to_RGBp - enter
SBEprolog            - enter
init sbe_probe ...
SBE [0]-- start=0x05040000, end=0x0504FFFF, base=0xA0D80000
SBE [1]-- start=0x050C0000, end=0x050CFFFF, base=0xA0DA0000
QSBE - mapped at base 0: 0xa0d80000, base 1: 0xa0da0000, irq 35
quasar-sbe 5040000.sbe: Quasar SBE
init sbe_probe ...
SBE [0]-- start=0x05050000, end=0x0505FFFF, base=0xA0DC0000
SBE [1]-- start=0x050D0000, end=0x050DFFFF, base=0xA0DE0000
QSBE - mapped at base 0: 0xa0dc0000, base 1: 0xa0de0000, irq 36
quasar-sbe 5050000.sbe: Quasar SBE
QSBE 0 Reset
QSBE 1 Reset
here 1
vma: 0x9eda7780, vma->vm_start: 0x72d19000, vma->vm_end: 0x72d29000
length: 0x00010000
SBE VMA length truncated to io region
new length: 0x0000ffff
in For, i: 0, vma: 0x9eda7780, vma->vm_start: 0x72d19000, vma->vm_end: 0x72d29000, len: 0x0000ffff
here 1
vma: 0x9eda7e40, vma->vm_start: 0x72d10000, vma->vm_end: 0x72d19000
length: 0x00009000
length: 0x00009000
in For, i: 1, vma: 0x9eda7e40, vma->vm_start: 0x72d10000, vma->vm_end: 0x72d19000, len: 0x00009000
here 1
vma: 0x9eda7a80, vma->vm_start: 0x72d00000, vma->vm_end: 0x72d10000
length: 0x00010000
SBE VMA length truncated to io region
new length: 0x0000ffff
in For, i: 0, vma: 0x9eda7a80, vma->vm_start: 0x72d00000, vma->vm_end: 0x72d10000, len: 0x0000ffff
here 1
vma: 0x9eda7a20, vma->vm_start: 0x72cf7000, vma->vm_end: 0x72d00000
length: 0x00009000
length: 0x00009000
in For, i: 1, vma: 0x9eda7a20, vma->vm_start: 0x72cf7000, vma->vm_end: 0x72d00000, len: 0x00009000
SBEprolog            - leave
InitStep_SBE_RGBl_to_RGBp - leave
QTCC - mapped at a0e40000, irq 37
QTCC 0 Reset
QFIR - mapped at 9ee54044, irq 30
QFIR - mapped at 9ee54844, irq 31
QFIR 0 Reset
QFIR 1 Reset
QSCRN - mapped at 9ee55044, irq 33
QSCRN - mapped at 9ee55844, irq 34
QSCRN 0 Reset
QSCRN 1 Reset
QSCAL - mapped at 9ee56044, irq 32
QSCL0 Reset
QDSP0 Reset
quasar-dsp 53f2018.dsp: quasar dsp at MMIO a0dd4018 [053F2018-053F201B], a0f00000 [05200000-05247FFF] irq 38,39
QDSP1 Reset
quasar-dsp 53f201c.dsp: quasar dsp at MMIO a0e3c01c [053F201C-053F201F], a0f80000 [05280000-052C7FFF] irq 40,41
QDSP2 Reset
quasar-dsp 53f2020.dsp: quasar dsp at MMIO a0ed6020 [053F2020-053F2023], a1000000 [05300000-05347FFF] irq 42,43
QDSP3 Reset
quasar-dsp 53f2024.dsp: quasar dsp at MMIO a0edc024 [053F2024-053F2027], a1080000 [05380000-053C7FFF] irq 44,45
qm3init qm3_probe ...
quasar-cm3 5440000.qm30: Quasar M3
qm3init qm3_probe ...
quasar-cm3 5680000.qm31: Quasar M3
M3 ord 0 hdl 25
M3 ord 1 hdl 26
HTTP document server at ./web
TrayLinkInsertTray   - Created tray 0 for size US Letter
NetServerThread      - Waiting for IP
CPUrifBabysitter     ! Can't set affinity to cpu 1
CPUrifBabysitter     - Starting CPU 1 as coproccessor 1
qscanband_prolog     - M3 msg buffer, pa=0x88203000, va=0x5CC3B000, size=61440
M3ScannerProlog      - M3ScannerProlog: Got M3 ordinal 0 = 0x1c52b48
M3run                - M30 code loading to Reserved RAM
M3run                - spmva=0x6c66a000, spmdva=0x6c66a004, pmc->spmdSize=262140
M3setup              - Loading m3 0 text section of 17596 bytes at 0x6C6AA000
M3setup              - dataOffset 000044c8
M3setup              - Loading m3 0 data section of 1504 bytes at 0x6C6AE4C8
M3setup              - Loading m3 0 spm section of 4 bytes at 0x6C66A000
M3setup              - Loading m3 0 spmd section of 4 bytes at 0x6C66A004
M3run                - Starting m3 0 at pc=0x080002CD sp=0x08318D60
qscanband_prolog     - Quasar Scanner
M3PrintGetMsgBufferArea - Reserving 61440 bytes for M3 msg buffer at 88608000
qlrds_prolog         - M3 msg buffer, pa=0x88608000, va=0x5CC2C000, size=61440
M3PrinterProlog      - Got M3 ordinal 1 = 0x1c52ce0
M3run                - M31 code loading to Reserved RAM
M3run                - spmva=0x6c4fe740, spmdva=0x6c502b90, pmc->spmdSize=113584
M3setup              - Loading m3 1 text section of 27856 bytes at 0x6C46A000
M3setup              - Loading m3 1 data section of 1640 bytes at 0x6C470CD0
M30:SCA Clock:        333 MHz
M30:HELLO M3!!!
M3setup              - Loading m3 1 spm section of 17488 bytes at 0x6C4FE740
M30:M3 Run before!!!
M3ScanBandDonethread - ADF paper remove
M3setup              - Loading m3 1 spmd section of 90976 bytes at 0x6C502B90
M3ScanBandDonethread - Scan M3 Init done, get features
M3ScanGetFeature     - Property, maxwidth=808 (100dpi), maxheight=1100 (100dpi), option=0x03, mode=0x03, orientation=0x02, adf=1
M3ScanGetMode        - mode[0]: 1200, 1200,  3,  3
M3ScanGetMode        - mode[1]: 600, 600,  3,  3
M3ScanGetMode        - mode[2]: 300, 300,  3,  3
M3ScanBandDonethread - ADF paper load
M3run                - Starting m3 1 at pc=0x08600801 sp=0x0869470C
qlrds_prolog         - Done at 20441 ms
PQthread             - Thread started
M3ScanGetWPCBufferArea - Reserving 1044480 of 1048576 for WPT buffer at 88213000
scan_wpt_support     - ScanM3: scan_wpt_support, 0x88213000, 0x5CA01000, 1044480, 1, 3
M3driverBabysitter   - WPC Memory -- pa=0x88213000, va=0x5CA01000, size=1044480, support=1
M31:HELLO M3!!!
M31:M3 Run before!!!
M31:tx: cmain start.
M31:tx: app initialize.
M31:Tx:Create Main Task
M31:Main Task run.
M31:Main task timer out cnt = 1
M31:App Task 1 run.
M31:Task 1 timer out cnt = 1
M31:App Task 2 run.
M31:Task 2 timer out cnt = 1
Quasar-USB gadget: using dwc3-gadget, OUT ep1out IN ep1in
Quasar-USB gadget: using dwc3-gadget, OUT ep2out IN ep2in
Quasar-USB gadget: Quasar-USB-Device, version: 2018.02.26
Quasar-USB gadget: Quasar-USB ready

Unable to handle kernel NULL pointer dereference at virtual address 00000000
pgd = 8d832b80
[00000000] *pgd=9ed94003, *pmd=9ed66003, *pte=00000000
Internal error: Oops: a07 [#1] ARM
Modules linked in: qgadget(O) qdwc3(O) qm3(O) qdsp(O) qscal(O) qscrn(O) qfir(O) qtcc(O) qsbe(O) qjpeg(O) qjbig(O) qgpdma(O) qmem(O)
CPU: 0 PID: 285 Comm: autologin Tainted: G        W  O    4.4.0 #1
Hardware name: QBit 6300 (Flattened Device Tree)
task: 9ef14000 ti: 9ed7e000 task.ti: 9ed7e000
PC is at composite_setup+0x810/0x1510 [qgadget]
LR is at dwc3_ep0_interrupt+0x630/0x798 [qdwc3]
pc : [<7f0712d8>]    lr : [<7f06010c>]    psr: 60030193
sp : 9ed7f9b8  ip : 00000000  fp : 00000100
r10: 00000000  r9 : a0f7c000  r8 : 00000000
r7 : 9ee56998  r6 : 9efaf310  r5 : 9efb0600  r4 : 9efb0580
r3 : 00000080  r2 : 7f070428  r1 : 00000006  r0 : 00000000
Flags: nZCv  IRQs off  FIQs on  Mode SVC_32  ISA ARM  Segment user
Control: 30c53c7d  Table: 8d832b80  DAC: fffffffd
Process autologin (pid: 285, stack limit = 0x9ed7e208)
Stack: (0x9ed7f9b8 to 0x9ed80000)
f9a0:                                                       00000308 8057f378
f9c0: 00000000 00000040 00000000 00000080 9ee56840 9edbd300 9efaf310 00000008
f9e0: 00000308 00000000 0000030c 9ee56840 9edbd300 9efaf310 00000008 00000308
fa00: 00000000 0000030c 5533194a 7f06010c 807ff5c0 80844ec0 00000000 f200ae00
fa20: 9ee56840 9edbd300 9efaf310 00000008 00000308 00000000 0000030c 7f05e5dc
fa40: 9ed7fb4c 9fb67320 00000000 00000000 55332509 55331839 55331909 7f065280
fa60: 00000000 0000c040 80856084 9f4d5b40 8d832940 00000000 0000002f 9f418000
fa80: 00000000 00000000 808591f8 8006b700 00000020 9ef14380 9ef14000 808591dc
faa0: 9f4d5b40 80858c06 00000000 9f4d5b40 80830c40 00000000 00000000 9f418000
fac0: 000001ed 80858c7a 00000000 8006b860 9f4d5b40 8006e11c 808308d4 0000002f
fae0: 00000000 8006aef0 808308d4 8006b120 807f1fbc a080400c 9ed7fb20 a0804000
fb00: a0805000 8000942c 800cdb80 60030113 ffffffff 9ed7fb54 9f0034c4 8057f280
fb20: 00000000 000093d5 60030113 00000005 9ffa9c94 00000000 00000001 02420848
fb40: 9f0034c4 000001ed 80858c7a 00000000 9fb67448 9ed7fb70 80123540 800cdb80
fb60: 60030113 ffffffff 9f0034c4 800cdb48 9ed7fb7c 00000001 02420848 00000000
fb80: 000001ed 9ffa9c94 00000007 800ce3a0 00000002 00000400 000001ed 00000000
fba0: 00000008 9f003380 000007b4 80155330 00000400 9f312940 9f312980 ffffffe2
fbc0: 0000001e 9f312840 9f312880 9f3128c0 9ecca400 00000400 9f003380 00000008
fbe0: 00000000 80155578 00000400 9ecca400 00005d04 9ec73780 00000018 00000008
fc00: 9eea145c 000007b4 00000000 801e7fe8 00000400 00000008 9f402800 0000b617
fc20: 001e72fc 00000000 9ec73780 9eea1400 9eea13fc 80123540 00000001 000002fc
fc40: 000000df 001e72fc 00000000 9ecad340 9ecad380 00000000 9ecca400 00000001
fc60: 9ecad360 801e8624 0000b617 9ecad390 9ecad3c0 800cdb88 9ed7fc84 00000001
fc80: 0242004a 00000000 000000df 9ffa9d90 00000036 9ffb138c 8d81687c 000000e1
fca0: 8d8168fc 000000e0 00000017 00000020 9f30c638 801eb5f4 0000b617 00000004
fcc0: 9ed7fd48 9ed7fd38 000000c0 8d832b00 9ecca400 8d816880 001e72fc 00000000
fce0: 8d81687c 00000080 80856084 9ed7fd40 9ed7fd38 9ec73780 000013af 9f30c638
fd00: 00000000 001e72fc 00000000 801e9a48 0000b617 80123540 00000800 00000000
fd20: 9ffb138c 00000043 00000006 800cda50 00000001 9f402800 000013cb 000013af
fd40: 010c895f 00000000 0000b617 00000000 00000014 00000000 9ffb138c 00000014
fd60: 00000200 00000100 9f30c704 9ecbc9c0 9ed7fd80 800dacd4 00000018 9ecbc9c0
fd80: 9ffb1430 9ffb137c 9ed7fd88 9ed7fd88 9ed7fd90 9ed7fd90 9ed7fd98 9ed7fd98
fda0: 00000864 00000000 9ed7fe14 00000864 00000000 000000db 9ecbc9c0 000000db
fdc0: 00000000 800d0840 00000008 9ef98c00 00000000 9f30c704 9f30c638 9ef98c00
fde0: 9ed7fe14 00000000 9ed7fde8 9fcaeb18 00000db0 76de4000 9ef98c00 9fcaeb18
fe00: 00000055 9ed96380 000000db 800f5cd8 00000055 00000055 000000db 76de4000
fe20: 9fcaeb18 00000000 9ed60000 00000db0 76de4000 9ed60000 00000db0 800f9e84
fe40: 9fcaeb18 9ed7fe80 00000001 00000073 9ed96384 00000040 00000000 00000000
fe60: 9ed60db0 00000f20 807f54c0 808ba344 00000000 00000000 9ef98c00 00100073
fe80: 0000044f 9f402800 80809ae0 9ef98ae0 00100073 800fdca4 9ef98bb8 76de2000
fea0: 9ef98bb0 9ed7ffb0 9ef14000 00000a07 76de4e24 9ed96380 9ef98c00 9ed963b8
fec0: 00000055 8057fc40 00000000 9ecbc9c0 00000003 9ef98c00 00000000 00000800
fee0: 9ef98ae0 00003000 8002f684 807f8c8c 00000a07 8057f928 76de4e24 9ed7ffb0
ff00: 76de5000 00000002 76fac7e8 800092e0 000000d9 00000000 9ef98ae0 00000070
ff20: 76dd2000 9ed963b8 9ecbc9c0 76de2000 00000000 00000001 000014e9 9ef14000
ff40: 00000000 00000001 000014eb 9ef14000 00000001 9ef14380 9ef14000 30c53c7d
ff60: 76de5000 00000002 76fac7e8 80058d10 9ef14000 9ef14000 00000001 9ef14000
ff80: 00000001 80059400 00000b9a 00000000 8080456c 800cc914 76f996a0 20030010
ffa0: ffffffff 30c53c7d 30c53c7d 8057f4e0 76de4e24 00000000 000001d4 76de4e24
ffc0: 76de4e24 7e903380 7e9035d4 7e903460 00000002 76de5000 00000002 76fac7e8
ffe0: 00000000 7e903340 76f8bbaf 76f996a0 20030010 ffffffff ffffffff ffffffff
[<7f0712d8>] (composite_setup [qgadget]) from [<7f06010c>] (dwc3_ep0_interrupt+0x630/0x798 [qdwc3])
[<7f06010c>] (dwc3_ep0_interrupt [qdwc3]) from [<7f05e5dc>] (dwc3_interrupt+0x800/0x898 [qdwc3])
[<7f05e5dc>] (dwc3_interrupt [qdwc3]) from [<8006b700>] (handle_irq_event_percpu+0x94/0x1cc)
[<8006b700>] (handle_irq_event_percpu) from [<8006b860>] (handle_irq_event+0x28/0x3c)
[<8006b860>] (handle_irq_event) from [<8006e11c>] (handle_fasteoi_irq+0xa0/0x16c)
[<8006e11c>] (handle_fasteoi_irq) from [<8006aef0>] (generic_handle_irq+0x24/0x34)
[<8006aef0>] (generic_handle_irq) from [<8006b120>] (__handle_domain_irq+0x54/0xa8)
[<8006b120>] (__handle_domain_irq) from [<8000942c>] (gic_handle_irq+0x38/0x64)
[<8000942c>] (gic_handle_irq) from [<8057f280>] (__irq_svc+0x40/0x54)
Exception stack(0x9ed7fb20 to 0x9ed7fb68)
fb20: 00000000 000093d5 60030113 00000005 9ffa9c94 00000000 00000001 02420848
fb40: 9f0034c4 000001ed 80858c7a 00000000 9fb67448 9ed7fb70 80123540 800cdb80
fb60: 60030113 ffffffff
[<8057f280>] (__irq_svc) from [<800cdb80>] (add_to_page_cache_lru+0x64/0xb4)
[<800cdb80>] (add_to_page_cache_lru) from [<800ce3a0>] (pagecache_get_page+0x138/0x1f8)
[<800ce3a0>] (pagecache_get_page) from [<80155330>] (__getblk_slow+0xdc/0x2f8)
[<80155330>] (__getblk_slow) from [<801e7fe8>] (squashfs_read_data+0x15c/0x644)
[<801e7fe8>] (squashfs_read_data) from [<801e8624>] (squashfs_cache_get+0x154/0x2f8)
[<801e8624>] (squashfs_cache_get) from [<801eb5f4>] (squashfs_readpage_block+0x17c/0x410)
[<801eb5f4>] (squashfs_readpage_block) from [<801e9a48>] (squashfs_readpage+0x4a4/0x620)
[<801e9a48>] (squashfs_readpage) from [<800dacd4>] (__do_page_cache_readahead+0x214/0x21c)
[<800dacd4>] (__do_page_cache_readahead) from [<800d0840>] (filemap_fault+0x3e4/0x488)
[<800d0840>] (filemap_fault) from [<800f5cd8>] (__do_fault+0x3c/0xb0)
[<800f5cd8>] (__do_fault) from [<800f9e84>] (handle_mm_fault+0x984/0x13b8)
[<800f9e84>] (handle_mm_fault) from [<8057fc40>] (do_page_fault+0x318/0x38c)
[<8057fc40>] (do_page_fault) from [<800092e0>] (do_DataAbort+0x30/0xb0)
[<800092e0>] (do_DataAbort) from [<8057f4e0>] (__dabt_usr+0x40/0x60)
Exception stack(0x9ed7ffb0 to 0x9ed7fff8)
ffa0:                                     76de4e24 00000000 000001d4 76de4e24
ffc0: 76de4e24 7e903380 7e9035d4 7e903460 00000002 76de5000 00000002 76fac7e8
ffe0: 00000000 7e903340 76f8bbaf 76f996a0 20030010 ffffffff
Code: 0000001c 20220002 00040000 00000000 (000062f0) 
---[ end trace cb88537fdc8fa202 ]---
Kernel panic - not syncing: Fatal exception in interrupt
---[ end Kernel panic - not syncing: Fatal exception in interrupt

